---
http_interactions:
- request:
    method: get
    uri: http://api.fitbit.com/1/user/25WQ2X/sleep/date/2014-01-30.json
    body:
      encoding: US-ASCII
      string: ''
    headers:
      User-Agent:
      - fitgem gem v0.8.0 (OAuth gem v0.4.7)
      Accept-Language:
      - en_US
      Accept-Encoding:
      - gzip;q=1.0,deflate;q=0.6,identity;q=0.3
      Accept:
      - '*/*'
      Authorization:
      - OAuth oauth_consumer_key="ee59ac70ceb04f2c90fb103d3f0ac969", oauth_nonce="ttPW3iyDMJ9VhToWjG5mWRaneYL0Ox1KgiHZpBuVRsg",
        oauth_signature="K7bH%2BbA8NmExXQXwhWCgWeHK77I%3D", oauth_signature_method="HMAC-SHA1",
        oauth_timestamp="1391116279", oauth_token="128e556de6e068c19e29beb380de56f1",
        oauth_version="1.0"
  response:
    status:
      code: 200
      message: OK
    headers:
      Server:
      - Apache-Coyote/1.1
      X-Ua-Compatible:
      - IE=edge,chrome=1
      Set-Cookie:
      - JSESSIONID=4E617C2E76D057A210A93B16A797D8AB.fitbit1; Path=/
      - fhttps=""; Expires=Thu, 01-Jan-1970 00:00:10 GMT; Path=/
      Expires:
      - Thu, 01 Jan 1970 00:00:00 GMT
      Cache-Control:
      - no-store, no-cache, must-revalidate
      Pragma:
      - no-cache
      Content-Type:
      - application/json;charset=UTF-8
      Content-Language:
      - en-US
      Content-Length:
      - '88'
      Date:
      - Thu, 30 Jan 2014 21:11:18 GMT
    body:
      encoding: UTF-8
      string: '{"sleep":[],"summary":{"totalMinutesAsleep":0,"totalSleepRecords":0,"totalTimeInBed":0}}'
    http_version: 
  recorded_at: Thu, 30 Jan 2014 21:11:19 GMT
- request:
    method: get
    uri: http://api.fitbit.com/1/user/25WQ2X/activities/date/2014-01-30.json
    body:
      encoding: US-ASCII
      string: ''
    headers:
      User-Agent:
      - fitgem gem v0.8.0 (OAuth gem v0.4.7)
      Accept-Language:
      - en_US
      Accept-Encoding:
      - gzip;q=1.0,deflate;q=0.6,identity;q=0.3
      Accept:
      - '*/*'
      Authorization:
      - OAuth oauth_consumer_key="ee59ac70ceb04f2c90fb103d3f0ac969", oauth_nonce="4F3jfZkQhzzpDsXG4wtIisE2h3sbSwFmhLeoygIFdo",
        oauth_signature="4ZQ%2BexNHszPBj8nwslJ8sZu5Haw%3D", oauth_signature_method="HMAC-SHA1",
        oauth_timestamp="1391116279", oauth_token="128e556de6e068c19e29beb380de56f1",
        oauth_version="1.0"
  response:
    status:
      code: 200
      message: OK
    headers:
      Server:
      - Apache-Coyote/1.1
      X-Ua-Compatible:
      - IE=edge,chrome=1
      Set-Cookie:
      - JSESSIONID=5679650419CCD2C55995CDD521B92416.fitbit1; Path=/
      - fhttps=""; Expires=Thu, 01-Jan-1970 00:00:10 GMT; Path=/
      Expires:
      - Thu, 01 Jan 1970 00:00:00 GMT
      Cache-Control:
      - no-store, no-cache, must-revalidate
      Pragma:
      - no-cache
      Content-Type:
      - application/json;charset=UTF-8
      Content-Language:
      - en-US
      Content-Length:
      - '632'
      Date:
      - Thu, 30 Jan 2014 21:11:19 GMT
    body:
      encoding: UTF-8
      string: '{"activities":[],"goals":{"activeMinutes":30,"caloriesOut":3377,"distance":5,"steps":10000},"summary":{"activeScore":-1,"activityCalories":596,"caloriesBMR":1230,"caloriesOut":1620,"distances":[{"activity":"total","distance":1.01},{"activity":"tracker","distance":1.01},{"activity":"loggedActivities","distance":0},{"activity":"veryActive","distance":0.13},{"activity":"moderatelyActive","distance":0.61},{"activity":"lightlyActive","distance":0.26},{"activity":"sedentaryActive","distance":0.01}],"fairlyActiveMinutes":28,"lightlyActiveMinutes":121,"marginalCalories":322,"sedentaryMinutes":699,"steps":2176,"veryActiveMinutes":3}}'
    http_version: 
  recorded_at: Thu, 30 Jan 2014 21:11:19 GMT
- request:
    method: get
    uri: http://platform.fatsecret.com/rest/server.api?format=json&method=foods.search&oauth_consumer_key=<FS_KEY>&oauth_nonce=eccbc87e4b5ce2fe28308fd9f2a7baf3&oauth_signature=yCB1/TftYRTBZGYwh9BFW2sQnEY=&oauth_signature_method=HMAC-SHA1&oauth_timestamp=1391116279&oauth_version=1.0&search_expression=waffle
    body:
      encoding: US-ASCII
      string: ''
    headers:
      Accept-Encoding:
      - gzip;q=1.0,deflate;q=0.6,identity;q=0.3
      Accept:
      - '*/*'
      User-Agent:
      - Ruby
      Host:
      - platform.fatsecret.com
  response:
    status:
      code: 200
      message: OK
    headers:
      Cache-Control:
      - private
      Content-Type:
      - application/json; charset=utf-8
      Server:
      - Microsoft-IIS/7.5
      X-Aspnet-Version:
      - 4.0.30319
      X-Powered-By:
      - ASP.NET
      Date:
      - Thu, 30 Jan 2014 21:11:10 GMT
      Content-Length:
      - '6131'
    body:
      encoding: UTF-8
      string: '{ "foods": { "food": [ {"food_description": "Per 100g - Calories: 310kcal
        | Fat: 9.55g | Carbs: 48.84g | Protein: 7.30g", "food_id": "4374", "food_name":
        "Plain Waffle", "food_type": "Generic", "food_url": "http:\/\/www.fatsecret.com\/calories-nutrition\/generic\/waffle-plain"
        }, {"brand_name": "Krusteaz", "food_description": "Per 1\/2 cup mix (7\" waffle)
        - Calories: 200kcal | Fat: 9.00g | Carbs: 26.00g | Protein: 4.00g", "food_id":
        "46095", "food_name": "Belgian Waffle Mix", "food_type": "Brand", "food_url":
        "http:\/\/www.fatsecret.com\/calories-nutrition\/krusteaz\/belgian-waffle-mix"
        }, {"food_description": "Per 100g - Calories: 291kcal | Fat: 14.10g | Carbs:
        32.90g | Protein: 7.90g", "food_id": "39070", "food_name": "Plain Waffles",
        "food_type": "Generic", "food_url": "http:\/\/www.fatsecret.com\/calories-nutrition\/usda\/plain-waffles"
        }, {"brand_name": "IHOP", "food_description": "Per 1 serving - Calories: 360kcal
        | Fat: 15.00g | Carbs: 47.00g | Protein: 8.00g", "food_id": "54927", "food_name":
        "Belgian Waffles", "food_type": "Brand", "food_url": "http:\/\/www.fatsecret.com\/calories-nutrition\/ihop\/belgian-waffles"
        }, {"brand_name": "Eggo", "food_description": "Per 2 waffles - Calories: 190kcal
        | Fat: 7.00g | Carbs: 27.00g | Protein: 4.00g", "food_id": "59737", "food_name":
        "Homestyle Waffles", "food_type": "Brand", "food_url": "http:\/\/www.fatsecret.com\/calories-nutrition\/eggo\/homestyle-waffles"
        }, {"food_description": "Per 1042g - Calories: 2781kcal | Fat: 116.87g | Carbs:
        347.18g | Protein: 96.04g", "food_id": "4379", "food_name": "100% Whole Wheat
        or 100% Whole Grain Waffle", "food_type": "Generic", "food_url": "http:\/\/www.fatsecret.com\/calories-nutrition\/generic\/waffle-100%25-whole-wheat-or-100%25-whole-grain"
        }, {"food_description": "Per 100g - Calories: 312kcal | Fat: 9.61g | Carbs:
        49.29g | Protein: 7.19g", "food_id": "39094", "food_name": "Toasted Plain
        Waffles (Frozen)", "food_type": "Generic", "food_url": "http:\/\/www.fatsecret.com\/calories-nutrition\/usda\/toasted-plain-waffles-(frozen)"
        }, {"brand_name": "Publix", "food_description": "Per 2 waffles - Calories:
        180kcal | Fat: 6.00g | Carbs: 26.00g | Protein: 4.00g", "food_id": "75625",
        "food_name": "Buttermilk Waffles", "food_type": "Brand", "food_url": "http:\/\/www.fatsecret.com\/calories-nutrition\/publix\/buttermilk-waffles"
        }, {"brand_name": "Great Value", "food_description": "Per 2 waffles - Calories:
        220kcal | Fat: 7.00g | Carbs: 33.00g | Protein: 4.00g", "food_id": "61253",
        "food_name": "Blueberry Waffles", "food_type": "Brand", "food_url": "http:\/\/www.fatsecret.com\/calories-nutrition\/great-value\/blueberry-waffles"
        }, {"brand_name": "IHOP", "food_description": "Per 1 waffle - Calories: 310kcal
        | Fat: 15.00g | Carbs: 37.00g | Protein: 7.00g", "food_id": "60900", "food_name":
        "Plain Waffles", "food_type": "Brand", "food_url": "http:\/\/www.fatsecret.com\/calories-nutrition\/ihop\/plain-waffles"
        }, {"brand_name": "Eggo", "food_description": "Per 2 waffles - Calories: 170kcal
        | Fat: 4.50g | Carbs: 27.00g | Protein: 4.00g", "food_id": "46870", "food_name":
        "Nutri-Grain Cinnamon Waffles", "food_type": "Brand", "food_url": "http:\/\/www.fatsecret.com\/calories-nutrition\/eggo\/nutri-grain-cinnamon-waffles"
        }, {"brand_name": "Van\u0027s", "food_description": "Per 2 waffles - Calories:
        230kcal | Fat: 7.00g | Carbs: 37.00g | Protein: 3.00g", "food_id": "62693",
        "food_name": "Wheat Free Flax Waffles", "food_type": "Brand", "food_url":
        "http:\/\/www.fatsecret.com\/calories-nutrition\/vans\/wheat-free-flax-waffles"
        }, {"brand_name": "Wegmans", "food_description": "Per 2 waffles - Calories:
        170kcal | Fat: 2.50g | Carbs: 30.00g | Protein: 5.00g", "food_id": "82660",
        "food_name": "Homestyle Waffle", "food_type": "Brand", "food_url": "http:\/\/www.fatsecret.com\/calories-nutrition\/wegmans\/homestyle-waffle"
        }, {"brand_name": "Dunkin\u0027 Donuts", "food_description": "Per 2 waffles
        - Calories: 190kcal | Fat: 8.00g | Carbs: 24.00g | Protein: 4.00g", "food_id":
        "112330", "food_name": "Waffles", "food_type": "Brand", "food_url": "http:\/\/www.fatsecret.com\/calories-nutrition\/dunkin-donuts\/waffles"
        }, {"brand_name": "Birds Eye", "food_description": "Per 1 waffle - Calories:
        100kcal | Fat: 5.00g | Carbs: 12.00g | Protein: 1.30g", "food_id": "30119",
        "food_name": "Potato Waffles", "food_type": "Brand", "food_url": "http:\/\/www.fatsecret.com\/calories-nutrition\/birds-eye\/potato-waffles"
        }, {"brand_name": "Eggo", "food_description": "Per 1 waffle - Calories: 80kcal
        | Fat: 1.25g | Carbs: 15.00g | Protein: 2.50g", "food_id": "51154", "food_name":
        "Special K 99% Fat Free Wheat Waffles", "food_type": "Brand", "food_url":
        "http:\/\/www.fatsecret.com\/calories-nutrition\/eggo\/special-k-99%25-fat-free-wheat-waffles"
        }, {"food_description": "Per 101g - Calories: 259kcal | Fat: 9.00g | Carbs:
        41.39g | Protein: 8.03g", "food_id": "4380", "food_name": "Oat Bran Waffle",
        "food_type": "Generic", "food_url": "http:\/\/www.fatsecret.com\/calories-nutrition\/generic\/waffle-oat-bran"
        }, {"brand_name": "Stonewall Kitchen", "food_description": "Per 1\/3 cup dry
        mix - Calories: 120kcal | Fat: 0.50g | Carbs: 27.00g | Protein: 3.00g", "food_id":
        "91080", "food_name": "Orange Zest Pancake and Waffle Mix", "food_type": "Brand",
        "food_url": "http:\/\/www.fatsecret.com\/calories-nutrition\/stonewall-kitchen\/orange-zest-pancake-and-waffle-mix"
        }, {"food_description": "Per 100g - Calories: 289kcal | Fat: 9.40g | Carbs:
        44.16g | Protein: 6.92g", "food_id": "39286", "food_name": "Microwaved Buttermilk
        Waffle (Frozen)", "food_type": "Generic", "food_url": "http:\/\/www.fatsecret.com\/calories-nutrition\/usda\/microwaved-buttermilk-waffle-(frozen)"
        }, {"brand_name": "Stonewall Kitchen", "food_description": "Per 1\/3 cup dry
        mix - Calories: 150kcal | Fat: 0.50g | Carbs: 32.00g | Protein: 5.00g", "food_id":
        "91079", "food_name": "Strawberry Pancake and Waffle Mix", "food_type": "Brand",
        "food_url": "http:\/\/www.fatsecret.com\/calories-nutrition\/stonewall-kitchen\/strawberry-pancake-and-waffle-mix"
        } ], "max_results": "20", "page_number": "0", "total_results": "323" }}'
    http_version: 
  recorded_at: Thu, 30 Jan 2014 21:11:20 GMT
recorded_with: VCR 2.8.0
